// Jest Snapshot v1, https://goo.gl/fbAQLP

exports[`renders correctly 1`] = `
<div
  className="sc-AxjAm ePVWlZ"
  id="mainContainer"
>
  <div
    className="sc-AxgMl ccarme"
  >
    <div
      className="sc-Axmtr fttini"
    >
      <div
        className="sc-fzplWN sc-fznyAO hblrHC"
        style={
          Object {
            "backgroundColor": "lightgrey",
          }
        }
      >
        <input
          checked={true}
          className="sc-fznZeY ddeuan"
          onClick={[Function]}
          type="checkbox"
        />
        <div
          className="sc-fzplWN sc-fznKkj evBQCH"
        >
          Test text 1
        </div>
      </div>
      <a
        className="sc-AxheI hNYIgV fas fa-trash"
        onClick={[Function]}
      >
        <svg
          aria-hidden="true"
          className="svg-inline--fa fa-trash fa-w-14 "
          data-icon="trash"
          data-prefix="fas"
          focusable="false"
          role="img"
          style={Object {}}
          viewBox="0 0 448 512"
          xmlns="http://www.w3.org/2000/svg"
        >
          <path
            d="M432 32H312l-9.4-18.7A24 24 0 0 0 281.1 0H166.8a23.72 23.72 0 0 0-21.4 13.3L136 32H16A16 16 0 0 0 0 48v32a16 16 0 0 0 16 16h416a16 16 0 0 0 16-16V48a16 16 0 0 0-16-16zM53.2 467a48 48 0 0 0 47.9 45h245.8a48 48 0 0 0 47.9-45L416 128H32z"
            fill="currentColor"
            style={Object {}}
          />
        </svg>
      </a>
    </div>
    <div
      className="sc-Axmtr fttini"
    >
      <div
        className="sc-fzplWN sc-fznyAO hblrHC"
        style={
          Object {
            "backgroundColor": "#f279a2",
          }
        }
      >
        <input
          checked={false}
          className="sc-fznZeY ddeuan"
          onClick={[Function]}
          type="checkbox"
        />
        <div
          className="sc-fzplWN sc-fznKkj evBQCH"
        >
          Test text 2
        </div>
      </div>
      <a
        className="sc-AxheI hNYIgV fas fa-trash"
        onClick={[Function]}
      >
        <svg
          aria-hidden="true"
          className="svg-inline--fa fa-trash fa-w-14 "
          data-icon="trash"
          data-prefix="fas"
          focusable="false"
          role="img"
          style={Object {}}
          viewBox="0 0 448 512"
          xmlns="http://www.w3.org/2000/svg"
        >
          <path
            d="M432 32H312l-9.4-18.7A24 24 0 0 0 281.1 0H166.8a23.72 23.72 0 0 0-21.4 13.3L136 32H16A16 16 0 0 0 0 48v32a16 16 0 0 0 16 16h416a16 16 0 0 0 16-16V48a16 16 0 0 0-16-16zM53.2 467a48 48 0 0 0 47.9 45h245.8a48 48 0 0 0 47.9-45L416 128H32z"
            fill="currentColor"
            style={Object {}}
          />
        </svg>
      </a>
    </div>
  </div>
  <div
    className="sc-AxirZ ktywSo"
  >
    <input
      className="sc-AxiKw bqifRl"
      onChange={[Function]}
      onKeyPress={[Function]}
      placeholder="Add New Item"
      type="text"
      value=" Test text"
    />
    <div
      className="sc-AxhCb TdRJl"
    >
      <div
        className="sc-AxmLO hjFfhP"
      >
        <label
          className="sc-fzozJi btpqE choose_colors__container"
        >
          <input
            checked={false}
            className="sc-fzpans glTXfu"
            name="choose_color"
            onClick={[Function]}
            type="radio"
            value="#f16d69"
          />
          <span
            className="sc-fzoLsD gVZEAl color_checkmark"
            style={
              Object {
                "backgroundColor": "#f16d69",
              }
            }
          />
        </label>
        <label
          className="sc-fzozJi btpqE choose_colors__container"
        >
          <input
            checked={false}
            className="sc-fzpans glTXfu"
            name="choose_color"
            onClick={[Function]}
            type="radio"
            value="#f279a2"
          />
          <span
            className="sc-fzoLsD gVZEAl color_checkmark"
            style={
              Object {
                "backgroundColor": "#f279a2",
              }
            }
          />
        </label>
        <label
          className="sc-fzozJi btpqE choose_colors__container"
        >
          <input
            checked={false}
            className="sc-fzpans glTXfu"
            name="choose_color"
            onClick={[Function]}
            type="radio"
            value="#9170cb"
          />
          <span
            className="sc-fzoLsD gVZEAl color_checkmark"
            style={
              Object {
                "backgroundColor": "#9170cb",
              }
            }
          />
        </label>
        <label
          className="sc-fzozJi btpqE choose_colors__container"
        >
          <input
            checked={false}
            className="sc-fzpans glTXfu"
            name="choose_color"
            onClick={[Function]}
            type="radio"
            value="#5eb3f6"
          />
          <span
            className="sc-fzoLsD gVZEAl color_checkmark"
            style={
              Object {
                "backgroundColor": "#5eb3f6",
              }
            }
          />
        </label>
        <label
          className="sc-fzozJi btpqE choose_colors__container"
        >
          <input
            checked={false}
            className="sc-fzpans glTXfu"
            name="choose_color"
            onClick={[Function]}
            type="radio"
            value="#67d7e5"
          />
          <span
            className="sc-fzoLsD gVZEAl color_checkmark"
            style={
              Object {
                "backgroundColor": "#67d7e5",
              }
            }
          />
        </label>
        <label
          className="sc-fzozJi btpqE choose_colors__container"
        >
          <input
            checked={false}
            className="sc-fzpans glTXfu"
            name="choose_color"
            onClick={[Function]}
            type="radio"
            value="#ffe083"
          />
          <span
            className="sc-fzoLsD gVZEAl color_checkmark"
            style={
              Object {
                "backgroundColor": "#ffe083",
              }
            }
          />
        </label>
      </div>
      <a
        className="sc-AxhUy jBdJbf menu__add-button"
        onClick={[Function]}
      >
        add
      </a>
    </div>
  </div>
</div>
`;
